remove openmpi/4.1.5 (LD_LIBRARY_PATH)
load openmpi/4.1.5 (LD_LIBRARY_PATH)
Lmod has detected the following error: The following module(s) are unknown:
"/apps/GPP/modulefiles/applications/orca/5.0.3"

Please check the spelling or version number. Also try "module spider ..."
It is also possible your cache file is out-of-date; it may help to try:
  $ module --ignore_cache load "/apps/GPP/modulefiles/applications/orca/5.0.3"

Also make sure that all modulefiles written in TCL start with the string
#%Module



unload ORCA/5.0.3 (PATH, LD_LIBRARY_PATH)
load ORCA/5.0.3 (PATH, LD_LIBRARY_PATH)
