unload ORCA/5.0.3 (PATH, LD_LIBRARY_PATH)
load ORCA/5.0.3 (PATH, LD_LIBRARY_PATH)
Lmod has detected the following error: The following module(s) are unknown:
"python/3.10.13"

Please check the spelling or version number. Also try "module spider ..."
It is also possible your cache file is out-of-date; it may help to try:
  $ module --ignore_cache load "python/3.10.13"

Also make sure that all modulefiles written in TCL start with the string
#%Module



Traceback (most recent call last):
  File "/gpfs/home/uam/uam121718/brewer_test/test1_procs/opt.py", line 1, in <module>
    import ase.io
ModuleNotFoundError: No module named 'ase'
