
                                 *****************
                                 * O   R   C   A *
                                 *****************

                                            #,                                       
                                            ###                                      
                                            ####                                     
                                            #####                                    
                                            ######                                   
                                           ########,                                 
                                     ,,################,,,,,                         
                               ,,#################################,,                 
                          ,,##########################################,,             
                       ,#########################################, ''#####,          
                    ,#############################################,,   '####,        
                  ,##################################################,,,,####,       
                ,###########''''           ''''###############################       
              ,#####''   ,,,,##########,,,,          '''####'''          '####       
            ,##' ,,,,###########################,,,                        '##       
           ' ,,###''''                  '''############,,,                           
         ,,##''                                '''############,,,,        ,,,,,,###''
      ,#''                                            '''#######################'''  
     '                                                          ''''####''''         
             ,#######,   #######,   ,#######,      ##                                
            ,#'     '#,  ##    ##  ,#'     '#,    #''#        ######   ,####,        
            ##       ##  ##   ,#'  ##            #'  '#       #        #'  '#        
            ##       ##  #######   ##           ,######,      #####,   #    #        
            '#,     ,#'  ##    ##  '#,     ,#' ,#      #,         ##   #,  ,#        
             '#######'   ##     ##  '#######'  #'      '#     #####' # '####'        



                  #######################################################
                  #                        -***-                        #
                  #          Department of theory and spectroscopy      #
                  #    Directorship and core code : Frank Neese         #
                  #        Max Planck Institute fuer Kohlenforschung    #
                  #                Kaiser Wilhelm Platz 1               #
                  #                 D-45470 Muelheim/Ruhr               #
                  #                      Germany                        #
                  #                                                     #
                  #                  All rights reserved                #
                  #                        -***-                        #
                  #######################################################


                         Program Version 5.0.3 -  RELEASE  -



                    *********************H U R R A Y*********************
                    ***        THE NEB OPTIMIZATION HAS CONVERGED     ***
                    *****************************************************



---------------------------------------------------------------
                         PATH SUMMARY              
---------------------------------------------------------------
All forces in Eh/Bohr.

Image Dist.(Ang.)    E(Eh)   dE(kcal/mol)  max(|Fp|)  RMS(Fp)
  0     0.000    -562.05212      0.00       0.01738   0.00564 <= HEI
  1     0.067    -562.06815    -10.06       0.00098   0.00023
  2     0.114    -562.06963    -10.99       0.00012   0.00004
  3     0.141    -562.06974    -11.06       0.00011   0.00005
  4     0.150    -562.06974    -11.06       0.00036   0.00010
  5     0.156    -562.06974    -11.06       0.00023   0.00011
  6     0.164    -562.06975    -11.06       0.00019   0.00007
  7     0.173    -562.06974    -11.06       0.00030   0.00010
  8     0.176    -562.06973    -11.05       0.00067   0.00022
  9     0.180    -562.06973    -11.05       0.00060   0.00017
 10     0.192    -562.06975    -11.06       0.00012   0.00005
 11     0.209    -562.06976    -11.07       0.00022   0.00008

Straight line distance between images along the path:
        D( 0- 1) =   0.0667 Ang.
        D( 1- 2) =   0.0468 Ang.
        D( 2- 3) =   0.0277 Ang.
        D( 3- 4) =   0.0084 Ang.
        D( 4- 5) =   0.0065 Ang.
        D( 5- 6) =   0.0083 Ang.
        D( 6- 7) =   0.0089 Ang.
        D( 7- 8) =   0.0025 Ang.
        D( 8- 9) =   0.0046 Ang.
        D( 9-10) =   0.0112 Ang.
        D(10-11) =   0.0176 Ang.

Energies of ground and excited states of the entire path.
All energies are relative energies in kcal/mol. Reference is the reactant with root 1.

-----------------------------------------
Image    E0      Root  1  Root  2  Root  3  Root  4
-----------------------------------------
  0  -123.064     0.000    3.582   28.680   28.863
  1  -116.239   -10.060    4.969   31.120   32.652
  2  -111.264   -10.989    8.114   33.274   34.747
  3  -110.745   -11.057    8.496   33.366   34.648
  4  -110.655   -11.059    8.569   33.342   34.640
  5  -110.679   -11.057    8.550   33.296   34.689
  6  -110.643   -11.063    8.571   33.378   34.616
  7  -110.678   -11.056    8.539   33.318   34.668
  8  -110.709   -11.053    8.526   33.299   34.697
  9  -110.672   -11.052    8.529   33.277   34.681
 10  -110.651   -11.063    8.554   33.355   34.626
 11  -110.596   -11.068    8.616   33.458   34.560

